// Jest Snapshot v1, https://goo.gl/fbAQLP

exports[`Box tests basic tests matches the snapshot 1`] = `
.c0 {
  width: 100%;
  position: relative;
  height: auto;
  border-radius: 6px;
  background-color: #ffffff;
  box-shadow: 0 0 8px 0 rgba(99,105,110,0.12);
  padding: 30px 36px;
  margin-bottom: 28px;
}

.c1 {
  display: -webkit-box;
  display: -webkit-flex;
  display: -ms-flexbox;
  display: flex;
  width: 200%;
}

.c2 {
  display: -webkit-box;
  display: -webkit-flex;
  display: -ms-flexbox;
  display: flex;
  height: auto;
  -webkit-flex-basis: 50%;
  -ms-flex-preferred-size: 50%;
  flex-basis: 50%;
  -webkit-flex-wrap: wrap;
  -ms-flex-wrap: wrap;
  flex-wrap: wrap;
  overflow: hidden;
}

.c3 {
  -webkit-box-flex: 1;
  -webkit-flex-grow: 1;
  -ms-flex-positive: 1;
  flex-grow: 1;
  -webkit-flex-shrink: 1;
  -ms-flex-negative: 1;
  flex-shrink: 1;
  -webkit-flex-basis: 50%;
  -ms-flex-preferred-size: 50%;
  flex-basis: 50%;
}

.c5 {
  -webkit-flex-basis: 40px;
  -ms-flex-preferred-size: 40px;
  flex-basis: 40px;
}

.c4 {
  height: 36px;
  font-family: Poppins;
  font-size: 22px;
  font-weight: 600;
  line-height: 1.27;
  -webkit-letter-spacing: normal;
  -moz-letter-spacing: normal;
  -ms-letter-spacing: normal;
  letter-spacing: normal;
  color: #4b4c5c;
}

.c6 {
  width: 100%;
  display: block;
}

.c7 {
  width: 100%;
  padding-right: 20px;
  font-family: Muli;
  font-size: 14px;
  line-height: 1.29;
  -webkit-letter-spacing: normal;
  -moz-letter-spacing: normal;
  -ms-letter-spacing: normal;
  letter-spacing: normal;
  color: #a4aeb8;
}

.c12 {
  width: 20px;
  float: none;
  margin-top: 8px;
}

.c8 {
  -webkit-flex-basis: 100%;
  -ms-flex-preferred-size: 100%;
  flex-basis: 100%;
  -webkit-box-flex: 1;
  -webkit-flex-grow: 1;
  -ms-flex-positive: 1;
  flex-grow: 1;
  margin-top: 25px;
}

.c9 {
  background: #fff;
  overflow: hidden;
  height: 0;
  -webkit-flex-basis: 0;
  -ms-flex-preferred-size: 0;
  flex-basis: 0;
}

.c10 {
  display: none;
  position: absolute;
  right: 35px;
  top: 35px;
  width: 13px;
  height: 13px;
}

.c11 {
  text-align: center;
  margin-bottom: 15px;
}

.c13 {
  font-family: Poppins;
  font-size: 16px;
  font-weight: 600;
  line-height: 1.75;
  color: #4b4c5c;
  position: relative;
  top: -4px;
  display: inline-block;
  margin-left: 20px;
}

<div
  className="c0"
  id="box"
>
  <div
    className="c1"
  >
    <div
      className="c2"
      open={true}
    >
      <div
        className="c3"
      >
        <div
          checked={undefined}
          className="c4"
        >
          test
        </div>
      </div>
      <div
        className="c5"
      />
      <div
        className="c6"
      />
      <div
        className="c3"
      >
        <div
          className="c7"
        />
      </div>
      <div
        className="c5"
      />
      <div
        className="c8"
      />
    </div>
    <div
      className="c9"
      open={false}
    >
      <img
        className="c10"
        onClick={[Function]}
        open={false}
        src="test-file-stub"
      />
      <div
        className="c11"
      >
        <img
          className="c12"
          src="test-file-stub"
        />
        <span
          className="c13"
        >
          test
           Settings
        </span>
      </div>
    </div>
  </div>
</div>
`;
