// Jest Snapshot v1, https://goo.gl/fbAQLP

exports[`selectOption tests matches the snapshot 1`] = `
<div>
  <p
    className="sc-htpNat fJNIFu"
  />
  <div
    className="sc-bwzfXH fdGmBW"
    disabled={false}
    multiple={false}
  >
    <select
      autoFocus={false}
      className="sc-bdVaJa gYRIpJ"
      disabled={false}
      id="selectOption"
      multiple={false}
      onChange={[Function]}
      value="test"
    >
      <option>
        some option
      </option>
    </select>
  </div>
</div>
`;
