// Jest Snapshot v1, https://goo.gl/fbAQLP

exports[`Select tests basic tests matches the snapshot 1`] = `
.c0 {
  width: 100%;
}

.c1 {
  position: relative;
  outline: 0;
  font-family: Poppins,sans-serif;
}

.c2 {
  border-radius: 4px;
  font-size: 14px;
  width: 100%;
  padding: 8px 36px 8px 0;
  display: -webkit-box;
  display: -webkit-flex;
  display: -ms-flexbox;
  display: flex;
  -webkit-align-items: center;
  -webkit-box-align: center;
  -ms-flex-align: center;
  align-items: center;
  --select-select-color: #686978;
  --select-select-border: 1px solid #DFDFE8;
  color: var(--select-select-color);
  border: var(--select-select-border);
}

.c4 {
  height: 12px;
  width: 12px;
  position: absolute;
  right: 12px;
}

.c3 {
  -webkit-box-flex: 1;
  -webkit-flex-grow: 1;
  -ms-flex-positive: 1;
  flex-grow: 1;
  padding: 0 5px 0 13px;
  overflow: hidden;
  white-space: nowrap;
  text-overflow: ellipsis;
}

.c7 {
  position: absolute;
  top: calc(100% + 4px);
  left: 0;
  width: 100%;
  border-radius: 4px;
  box-shadow: 0 2px 5px 0 rgba(223,223,232,0.5);
  background-color: #fff;
  border: solid 1px #dfdfe8;
  overflow: hidden;
  z-index: 2;
  display: none;
  padding: 8px 0;
}

.c8 {
  font-size: 14px;
  line-height: 36px;
  color: #1b1d2f;
  position: relative;
  padding: 0 0 0 12px;
  display: -webkit-box;
  display: -webkit-flex;
  display: -ms-flexbox;
  display: flex;
  background: #e9f0ff;
}

.c12 {
  font-size: 14px;
  line-height: 36px;
  color: #1b1d2f;
  position: relative;
  padding: 0 0 0 12px;
  display: -webkit-box;
  display: -webkit-flex;
  display: -ms-flexbox;
  display: flex;
  background: #fff;
}

.c9 {
  -webkit-flex-basis: 11px;
  -ms-flex-preferred-size: 11px;
  flex-basis: 11px;
  -webkit-flex-shrink: 0;
  -ms-flex-negative: 0;
  flex-shrink: 0;
  display: -webkit-box;
  display: -webkit-flex;
  display: -ms-flexbox;
  display: flex;
  -webkit-align-items: center;
  -webkit-box-align: center;
  -ms-flex-align: center;
  align-items: center;
  color: #A1A8F2;
}

.c11 {
  padding: 0 21px 0 6px;
  overflow: hidden;
  white-space: nowrap;
  text-overflow: ellipsis;
}

.c5 {
  width: 100%;
  height: 100%;
  fill: currentColor;
}

.c6 {
  -webkit-transform: rotate(-90deg);
  -ms-transform: rotate(-90deg);
  transform: rotate(-90deg);
}

.c10 {
  width: 100%;
  height: 100%;
  fill: currentColor;
}

<div
  className="c0"
  id="select"
>
  <div
    className="c1"
    onBlur={[Function]}
    tabIndex={0}
  >
    <div
      className="c2"
      onClick={[Function]}
      type="light"
    >
      <div
        className="c3"
      >
        01
      </div>
      <div
        className="c4"
      >
        <svg
          aria-hidden="true"
          className="c5 c6"
          focusable="false"
          viewBox="0 0 32 32"
        >
          <path
            d="M22.4 29a1 1 0 0 1-.67-.25l-13.4-12a1 1 0 0 1 0-1.5l13.4-12a1 1 0 0 1 1.33 1.5L10.5 16l12.56 11.25A1 1 0 0 1 22.4 29z"
          />
        </svg>
      </div>
    </div>
    <div
      className="c7"
    >
      <div
        className="c8"
        onClick={[Function]}
        selected={true}
      >
        <div
          className="c9"
        >
          <svg
            aria-hidden="true"
            className="c10"
            focusable="false"
            viewBox="0 0 32 32"
          >
            <path
              d="M13 26a1 1 0 0 1-.67-.26l-9-8.2a1 1 0 0 1 1.34-1.48l8.23 7.49L27.23 6.13A1 1 0 0 1 28.64 6a1 1 0 0 1 .13 1.4l-15 18.24a1 1 0 0 1-.7.36z"
            />
          </svg>
        </div>
        <div
          className="c11"
        >
          01
        </div>
      </div>
      <div
        className="c12"
        onClick={[Function]}
        selected={false}
      >
        <div
          className="c9"
        />
        <div
          className="c11"
        >
          11
        </div>
      </div>
      <div
        className="c12"
        onClick={[Function]}
        selected={false}
      >
        <div
          className="c9"
        />
        <div
          className="c11"
        >
          12
        </div>
      </div>
    </div>
  </div>
</div>
`;
