// Jest Snapshot v1, https://goo.gl/fbAQLP

exports[`Checkbox tests basic tests matches the snapshot 1`] = `
.c0 {
  position: relative;
  display: block;
  width: 30px;
  height: 18px;
}

.c1 {
  background: #A7ACB2;
  width: 100%;
  border-radius: 3px;
  height: 6px;
  margin-top: 6px;
}

.c2 {
  position: relative;
  z-index: 2;
  border-radius: 50%;
  -webkit-transition: 200ms ease-out;
  transition: 200ms ease-out;
  background-color: #CDD1D5;
  -webkit-transform: translate(0,calc(-50% - 4px));
  -ms-transform: translate(0,calc(-50% - 4px));
  transform: translate(0,calc(-50% - 4px));
  width: 18px;
  height: 18px;
}

<div
  checked={undefined}
  className="c0"
  disabled={undefined}
  id="checkbox"
  onClick={undefined}
  size="medium"
>
  <div
    className="c1"
    size="medium"
  />
  <div
    checked={undefined}
    className="c2"
    size="medium"
  />
</div>
`;
