// Jest Snapshot v1, https://goo.gl/fbAQLP

exports[`page tests matches the snapshot 1`] = `
<div
  className="sc-bdVaJa cXEFce"
  id="testPage"
  label={undefined}
  style={undefined}
  title={undefined}
>
  <h1
    className="sc-ifAKCX gxtLTt"
    id={undefined}
  />
  <main
    className="sc-bwzfXH gzCXzM"
  />
</div>
`;
