// Jest Snapshot v1, https://goo.gl/fbAQLP

exports[`switchButton tests basic tests matches the snapshot 1`] = `
.c0 {
  box-sizing: border-box;
  display: -webkit-box;
  display: -webkit-flex;
  display: -ms-flexbox;
  display: flex;
  -webkit-align-items: center;
  -webkit-box-align: center;
  -ms-flex-align: center;
  align-items: center;
  font-family: inherit;
  color: inherit;
}

.c1 {
  box-sizing: border-box;
  -webkit-appearance: none;
  -moz-appearance: none;
  appearance: none;
  position: relative;
  min-width: 48px;
  height: 16px;
  border-radius: 16px;
  border: 2px solid #ccc;
  padding: 0 2px;
  background-color: white;
  outline: none;
  -webkit-transition: linear 0.2s;
  transition: linear 0.2s;
  box-shadow: inset -31px 0px 0px 0px #ccc;
}

.c1:checked {
  border: 2px solid #ff6000;
  box-shadow: inset 31px 0px 0px 0px #ff6000;
}

<div
  className="c0"
>
  <input
    checked={false}
    className="c1"
    id="switchButton"
    onChange={[Function]}
    type="checkbox"
  />
</div>
`;
