// Jest Snapshot v1, https://goo.gl/fbAQLP

exports[`MainToggle tests basic tests matches the snapshot 1`] = `
.c0 {
  font-family: Poppins,sans-serif;
  position: relative;
  display: -webkit-box;
  display: -webkit-flex;
  display: -ms-flexbox;
  display: flex;
  width: 100%;
  border-radius: 6px;
  background-color: #dee2e6;
  border: 1px solid #dbdfe3;
  -webkit-box-pack: justify;
  -webkit-justify-content: space-between;
  -ms-flex-pack: justify;
  justify-content: space-between;
  -webkit-align-items: flex-start;
  -webkit-box-align: flex-start;
  -ms-flex-align: flex-start;
  align-items: flex-start;
  -webkit-align-content: flex-start;
  -ms-flex-line-pack: start;
  align-content: flex-start;
  -webkit-flex-wrap: wrap;
  -ms-flex-wrap: wrap;
  flex-wrap: wrap;
  padding: 18px 34px;
  margin-bottom: 25px;
}

.c1 {
  display: -webkit-box;
  display: -webkit-flex;
  display: -ms-flexbox;
  display: flex;
  -webkit-align-items: center;
  -webkit-box-align: center;
  -ms-flex-align: center;
  align-items: center;
  width: 100%;
}

.c4 {
  margin: 0 0 0 11px;
  -webkit-flex: 1;
  -ms-flex: 1;
  flex: 1;
  font-size: 28px;
  font-weight: 600;
  line-height: 1;
  -webkit-letter-spacing: 0.2px;
  -moz-letter-spacing: 0.2px;
  -ms-letter-spacing: 0.2px;
  letter-spacing: 0.2px;
  color: #4b4c5c;
  display: -webkit-box;
  display: -webkit-flex;
  display: -ms-flexbox;
  display: flex;
  -webkit-align-items: center;
  -webkit-box-align: center;
  -ms-flex-align: center;
  align-items: center;
}

.c5 {
  -webkit-align-self: flex-start;
  -ms-flex-item-align: start;
  align-self: flex-start;
  font-size: 10px;
  font-weight: 300;
  -webkit-letter-spacing: 0.2px;
  -moz-letter-spacing: 0.2px;
  -ms-letter-spacing: 0.2px;
  letter-spacing: 0.2px;
  text-align: center;
  color: #222326;
}

.c13 {
  margin-top: 18px;
  font-size: 22px;
  line-height: 1.27;
  color: #4b4c5c;
}

.c14 {
  font-family: Muli,sans-serif;
  font-size: 16px;
  font-weight: 300;
  line-height: 1.75;
  color: #838391;
}

.c12 {
  -webkit-flex-basis: 100%;
  -ms-flex-preferred-size: 100%;
  flex-basis: 100%;
}

.c2 {
  width: 66px;
  height: 66px;
}

.c11 {
  --toggle-bullet-color: #FFFFFF;
  --toggle-bullet-hoverColor: #FFFFFF;
  --toggle-bullet-activeColor: #FFFFFF;
  --toggle-bullet-focus: 0 0 0 2px hsla(12,96%,58%,0.4);
  --toggle-slider-color: #ced0db;
  --toggle-slider-hoverColor: #c2c4cf;
  --toggle-bullet-translate: translateX(0);
  position: absolute;
  cursor: pointer;
  height: 20px;
  width: 20px;
  background-color: var(--toggle-bullet-color);
  border-radius: 50%;
  box-shadow: 0 2px 2px rgba(0,0,0,0.2);
  -webkit-transform: var(--toggle-bullet-translate);
  -ms-transform: var(--toggle-bullet-translate);
  transform: var(--toggle-bullet-translate);
  -webkit-transition: 0.4s;
  transition: 0.4s;
}

.c9 {
  --toggle-bullet-color: #FFFFFF;
  --toggle-bullet-hoverColor: #FFFFFF;
  --toggle-bullet-activeColor: #FFFFFF;
  --toggle-bullet-focus: 0 0 0 2px hsla(12,96%,58%,0.4);
  --toggle-slider-color: #ced0db;
  --toggle-slider-hoverColor: #c2c4cf;
  position: absolute;
  top: 6px;
  height: 8px;
  width: 42px;
  background-color: var(--toggle-slider-color);
  border-radius: 4px;
  -webkit-transition: 0.4s;
  transition: 0.4s;
}

.c7 {
  position: relative;
  display: inline-block;
  height: 20px;
  width: 42px;
  -webkit-transition: 0.4s;
  transition: 0.4s;
}

.c7 .c8 {
  background-color: var(--toggle-slider-color);
}

.c7:hover .c8 {
  background-color: var(--toggle-slider-hoverColor);
}

.c7:active .c10 {
  background-color: var(--toggle-bullet-activeColor);
}

.c6 {
  display: -webkit-box;
  display: -webkit-flex;
  display: -ms-flexbox;
  display: flex;
}

.c3 {
  width: 100%;
  height: 100%;
  fill: currentColor;
}

<div
  className="c0"
  id="mainToggle"
>
  <div
    className="c1"
  >
    <div
      className="c2"
    >
      <svg
        aria-hidden="true"
        className="c3"
        focusable="false"
        viewBox="0 0 32 32"
      >
        <path
          d="M9.61 23.25h12.78L16 12 9.61 23.25z"
          fill="#fff"
          fillRule="evenodd"
        />
        <path
          d="M3 26.8l7.67-4.52L16 13V4a.45.45 0 0 0-.38.28l-6.27 11-6.26 11a.48.48 0 0 0 0 .48"
          fill="#ff4724"
          fillRule="evenodd"
        />
        <path
          d="M16 4v9l5.29 9.31L29 26.8a.48.48 0 0 0-.05-.48l-6.26-11-6.27-11A.45.45 0 0 0 16 4"
          fill="#9e1f63"
          fillRule="evenodd"
        />
        <path
          d="M29 26.8l-7.67-4.52H10.71L3 26.8a.47.47 0 0 0 .43.2h25.1a.47.47 0 0 0 .43-.2"
          fill="#662d91"
          fillRule="evenodd"
        />
      </svg>
    </div>
    <div
      className="c4"
    >
      MISSING: braveRewards
       
      <span
        className="c5"
      >
        TM
      </span>
    </div>
    <div
      className="c6"
    >
      <div
        className="c7"
        data-test-id="toggle"
        size="default"
      >
        <div
          className="c8 c9"
          size="default"
        />
        <div
          className="c10 c11"
          size="default"
        />
      </div>
    </div>
  </div>
  <div
    className="c12"
  >
    <div
      className="c13"
    >
      MISSING: rewardsWhy
    </div>
    <div
      className="c14"
    >
      MISSING: rewardsOffText1
       
      <b>
        MISSING: rewardsOffText2
      </b>
    </div>
    <div
      className="c13"
    >
      MISSING: rewardsOffText3
    </div>
    <div
      className="c14"
    >
      MISSING: rewardsOffText4
    </div>
  </div>
</div>
`;
