// Jest Snapshot v1, https://goo.gl/fbAQLP

exports[`ButtonCta tests basic tests matches the snapshot 1`] = `
.c0 {
  display: inline-block;
  overflow: hidden;
  background: #fff;
  font-size: 14px;
  border-radius: 28px;
  min-width: 235px;
  font-family: Poppins,sans-serif;
}

.c1 {
  text-align: center;
  box-sizing: border-box;
  -webkit-letter-spacing: 0;
  -moz-letter-spacing: 0;
  -ms-letter-spacing: 0;
  letter-spacing: 0;
  font-weight: 600;
  line-height: 1;
  cursor: pointer;
  -webkit-user-select: none;
  -moz-user-select: none;
  -ms-user-select: none;
  user-select: none;
  text-transform: uppercase;
  padding: 21px 15px;
  background: rgba(,0.9);
  color: #fff;
}

.c1:hover {
  background: rgba(,1);
}

.c1:active {
  background: rgba(,0.4);
}

<div
  className="c0"
  id="button"
>
  <div
    className="c1"
    color={undefined}
    disabled={undefined}
  />
</div>
`;
