// Jest Snapshot v1, https://goo.gl/fbAQLP

exports[`dataBlock tests dataBlock component tests matches the snapshot 1`] = `
<ul
  className="sc-bdVaJa iULBjb"
  id={undefined}
/>
`;

exports[`dataBlock tests dataItem component tests matches the snapshot 1`] = `
<li
  className="sc-bwzfXH fZsyBa"
  color={undefined}
  id={undefined}
>
  <div
    className="sc-htpNat ckXcLw"
    color={undefined}
  />
  <div
    className="sc-ifAKCX cCQww"
  />
</li>
`;
