// Jest Snapshot v1, https://goo.gl/fbAQLP

exports[`dataBlock tests dataBlock component tests matches the snapshot 1`] = `
<ul
  className="sc-bdVaJa rqnMM"
  id={undefined}
  list={undefined}
/>
`;

exports[`dataBlock tests dataItem component tests matches the snapshot 1`] = `
<li
  className="sc-bwzfXH IXpOQ"
  color={undefined}
  id={undefined}
  onClick={undefined}
  size="medium"
>
  <span
    className="sc-htpNat fymEco"
    color={undefined}
    size="medium"
  />
</li>
`;
