// Jest Snapshot v1, https://goo.gl/fbAQLP

exports[`browserSelect tests matches the snapshot 1`] = `
<div>
  <p
    className="sc-htpNat SYTas"
  />
  <div
    className="sc-bwzfXH fdGmBW"
    disabled={false}
    multiple={false}
  >
    <select
      autoFocus={undefined}
      className="sc-bdVaJa gYRIpJ"
      disabled={false}
      id={undefined}
      multiple={false}
      onChange={undefined}
      value="test"
    >
      <option>
        some option
      </option>
    </select>
  </div>
</div>
`;
