// Jest Snapshot v1, https://goo.gl/fbAQLP

exports[`unstyledButton tests basic tests matches the snapshot 1`] = `
.c0 {
  font-size: inherit;
  color: inherit;
  padding: 0;
  margin: 0;
  font-family: inherit;
  box-sizing: border-box;
  display: block;
  line-height: 1;
  background: none;
  border: none;
  cursor: pointer;
  outline: inherit;
}

<button
  className="c0"
/>
`;
