// Jest Snapshot v1, https://goo.gl/fbAQLP

exports[`browserButton tests matches the snapshot 1`] = `
<button
  className="browserButton_1b3ew9l"
  data-l10n-id={undefined}
  data-test-as="default"
  data-test-id="browserButton"
  disabled={undefined}
  onClick={undefined}
  style={
    Object {
      "--bg": "#fff",
      "--color": "#5a5a5a",
      "--hoverColor": "#000",
      "--primary-bg": "linear-gradient(#ff7a1d, #ff5000)",
      "--primary-borderHoverColor": "#fff",
      "--primary-color": "#fff",
      "--primary-gradient1": "#ff7a1d",
      "--primary-gradient2": "#ff5000",
      "--primary-hoverColor": "#fff",
      "--secondary-bg": "linear-gradient(#fff, #ececec)",
      "--secondary-borderHoverColor": "#444",
      "--secondary-color": "#666",
      "--secondary-hoverColor": "rgb(153, 153, 153)",
    }
  }
>
  browserButton as default
</button>
`;
