// Jest Snapshot v1, https://goo.gl/fbAQLP

exports[`browserSelect tests matches the snapshot 1`] = `
<div>
  <p
    className="browserSelect_title_cnfarr"
  />
  <div
    className="browserSelectWrapper_1casrmw"
  >
    <select
      autoFocus={undefined}
      className="browserSelect_sbd2k1"
      disabled={undefined}
      id={undefined}
      multiple={undefined}
      onChange={undefined}
      value="test"
    >
      <option>
        some option
      </option>
    </select>
  </div>
</div>
`;
