// Jest Snapshot v1, https://goo.gl/fbAQLP

exports[`gridSystem tests column component matches the snapshot 1`] = `
<div
  className="column"
  id={undefined}
  style={
    Object {
      "--columnAlign": undefined,
      "--columnBackground": undefined,
      "--columnDirection": undefined,
      "--columnDisplay": false,
      "--columnSize": 12,
      "--columnVerticalAlign": undefined,
    }
  }
/>
`;

exports[`gridSystem tests grid component matches the snapshot 1`] = `
<div
  className="0"
  id={undefined}
  style={
    Object {
      "--gridBackground": undefined,
      "--gridGap": undefined,
      "--gridHeight": undefined,
      "--gridPadding": undefined,
      "--gridTemplateColumns": 12,
      "--gridTextColor": undefined,
      "--gridWidth": undefined,
    }
  }
/>
`;
