// Jest Snapshot v1, https://goo.gl/fbAQLP

exports[`switchButton tests matches the snapshot 1`] = `
<div
  className="switchButton_wrapper_5kaapu"
>
  <div>
    <input
      autoFocus={undefined}
      checked={false}
      className="checkbox_1u9fru1"
      disabled={undefined}
      id="switchButton"
      onChange={[Function]}
      readOnly={undefined}
      type="checkbox"
    />
    <label
      className="switchButton_aucq8e"
      htmlFor="switchButton"
      style={
        Object {
          "--height": false,
          "--width": false,
        }
      }
    >
      <i
        className="switchButton_knob_1mcshdr"
        style={
          Object {
            "--height": false,
            "--width": false,
          }
        }
      />
    </label>
  </div>
</div>
`;
