// Jest Snapshot v1, https://goo.gl/fbAQLP

exports[`switchButton tests matches the snapshot 1`] = `
<div
  className="0"
>
  <div>
    <input
      autoFocus={undefined}
      checked={false}
      className="checkbox"
      disabled={undefined}
      id="switchButton"
      onChange={[Function]}
      readOnly={undefined}
      type="checkbox"
    />
    <label
      className="0"
      htmlFor="switchButton"
      style={
        Object {
          "--height": false,
          "--width": false,
        }
      }
    >
      <i
        className="0"
        style={
          Object {
            "--height": false,
            "--width": false,
          }
        }
      />
    </label>
  </div>
</div>
`;
