// Jest Snapshot v1, https://goo.gl/fbAQLP

exports[`switchButton tests matches the snapshot 1`] = `
<div
  className="sc-bdVaJa hVPJwY"
  disabled={undefined}
>
  <input
    autoFocus={undefined}
    checked={false}
    className="sc-htpNat cRhuEs"
    disabled={undefined}
    id="switchButton"
    onChange={[Function]}
    readOnly={undefined}
    size="medium"
    type="checkbox"
  />
</div>
`;
