// Jest Snapshot v1, https://goo.gl/fbAQLP

exports[`Tabs tests basic tests matches the snapshot 1`] = `
.c0 {
  text-align: center;
  font-family: Muli,sans-serif;
  height: 60px;
  padding-top: 5px;
}

.c1 {
  padding: 0;
}

<div
  id="tabs"
>
  <div
    className="c0"
  />
  <div
    className="c1"
  />
</div>
`;
