// Jest Snapshot v1, https://goo.gl/fbAQLP

exports[`Button tests basic tests matches the snapshot 1`] = `
.c1 {
  --brand-color-subtle: #fb542b1a;
  --brand-color-hover: #ff977d;
  --brand-color-main: #ff7654;
  --brand-color-pressed: #FB542B;
  --brand-style-focus-shadow: 0 0 0 4px #ff765466;
  --icon-size: 16px;
  --icon-spacing: 6px;
  --webkit-appearance: none;
  box-sizing: border-box;
  background: none;
  border: none;
  outline-color: transparent;
  display: -webkit-box;
  display: -webkit-flex;
  display: -ms-flexbox;
  display: flex;
  -webkit-flex-direction: row-reverse;
  -ms-flex-direction: row-reverse;
  flex-direction: row-reverse;
  -webkit-box-pack: center;
  -webkit-justify-content: center;
  -ms-flex-pack: center;
  justify-content: center;
  -webkit-align-items: center;
  -webkit-box-align: center;
  -ms-flex-align: center;
  align-items: center;
  font-family: Muli,sans-serif;
  cursor: pointer;
  -webkit-user-select: none;
  -moz-user-select: none;
  -ms-user-select: none;
  user-select: none;
  font-size: 14px;
  border-radius: 20px;
  width: auto;
  min-width: 82px;
  padding: 9px 16px;
  opacity: none;
}

.c0 {
  color: #3b3e4f;
  border: 1px solid #c2c4cf;
}

.c0:hover:enabled {
  color: var(--brand-color-main);
  border-color: var(--brand-color-main);
}

.c0:focus:enabled {
  border-color: var(--brand-color-main);
  box-shadow: var(--brand-style-focus-shadow);
}

.c0:active:enabled {
  color: var(--brand-color-main);
  border-color: var(--brand-color-main);
  box-shadow: var(--brand-style-focus-shadow);
}

.c2 {
  min-height: var(--icon-size);
  display: -webkit-box;
  display: -webkit-flex;
  display: -ms-flexbox;
  display: flex;
  -webkit-align-items: center;
  -webkit-box-align: center;
  -ms-flex-align: center;
  align-items: center;
  text-align: center;
  -webkit-letter-spacing: 0;
  -moz-letter-spacing: 0;
  -ms-letter-spacing: 0;
  letter-spacing: 0;
  font-weight: 600;
  text-transform: none;
  line-height: 1;
}

<button
  className="c0 c1"
  id="button"
  size="medium"
>
  <div
    className="c2"
    size="medium"
  >
    test
  </div>
</button>
`;
