// Jest Snapshot v1, https://goo.gl/fbAQLP

exports[`all heading tests featureHeading tests matches the snapshot 1`] = `
<h2
  className="sc-gzVnrw dOBGfT"
  id="testFeatureHeading"
/>
`;

exports[`all heading tests heading tests matches the snapshot 1`] = `
<h1
  className="sc-htoDjs fhsOuc"
  color={undefined}
  id="testHeading"
/>
`;

exports[`all heading tests sectionHeading tests matches the snapshot 1`] = `
<h2
  className="sc-EHOje didhuH"
  id="testSectionHeading"
/>
`;

exports[`all heading tests titleHeading tests matches the snapshot 1`] = `
<h1
  className="sc-htpNat eomUMv"
  id="testTitleHeading"
/>
`;
