// Jest Snapshot v1, https://goo.gl/fbAQLP

exports[`List tests basic tests matches the snapshot 1`] = `
.c0 {
  width: 100%;
  margin-bottom: 12px;
}

.c1 {
  width: 100%;
  font-family: Poppins;
  line-height: normal;
  font-size: 14px;
  font-weight: 500;
  color: #686978;
  margin-bottom: 6px;
}

.c2 {
  font-family: Poppins;
  font-size: 14px;
  line-height: 2.79;
  color: #686978;
}

.c3 {
  width: 18px;
  height: 18px;
  border-radius: 2px;
  border: solid 1px #d1d1db;
  display: inline-block;
  margin-right: 11px;
  position: relative;
  top: 3px;
  border-color: #a1a8f2;
  background: url(test-file-stub) no-repeat 3px 5px;
}

.c4 {
  width: 18px;
  height: 18px;
  border-radius: 2px;
  border: solid 1px #d1d1db;
  display: inline-block;
  margin-right: 11px;
  position: relative;
  top: 3px;
}

<div
  className="c0"
  id="checkbox"
>
  <div
    className="c1"
  >
    Enable ability to give tips on ‘Like’ posts
  </div>
  <div
    className="c2"
    onClick={[Function]}
  >
    <span
      className="c3"
      selected={true}
    />
     
    YouTube
  </div>
  <div
    className="c2"
    onClick={[Function]}
  >
    <span
      className="c4"
      selected={false}
    />
     
    Twitter
  </div>
  <div
    className="c2"
    onClick={[Function]}
  >
    <span
      className="c4"
      selected={false}
    />
     
    Instagram
  </div>
</div>
`;
