// Jest Snapshot v1, https://goo.gl/fbAQLP

exports[`mediaContent tests matches the snapshot 1`] = `
<div
  className="sc-bdVaJa bpJxEA"
  id="testMediaContent"
  src={undefined}
>
  <div
    className="sc-bwzfXH wTZMo"
    src={undefined}
  />
  <div
    className="sc-htpNat iPVtfi"
  />
</div>
`;
