// Jest Snapshot v1, https://goo.gl/fbAQLP

exports[`paragraph tests basic tests matches the snapshot 1`] = `
.c0 {
  box-sizing: border-box;
  font-size: 13px;
  color: inherit;
  font-weight: normal;
  font-style: inherit;
  margin: 0 0 20px;
  padding: 0;
  -webkit-font-smoothing: antialiased;
  background: transparent;
  line-height: 1.4;
  font-family: inherit;
}

<p
  className="c0"
  id="testParagraph"
/>
`;
