// Jest Snapshot v1, https://goo.gl/fbAQLP

exports[`all heading tests heading tests basic tests matches the snapshot 1`] = `
.c0 {
  box-sizing: border-box;
  font-family: Poppins,-apple-system,BlinkMacSystemFont,"Segoe UI",Helvetica,Arial,sans-serif,"Apple Color Emoji","Segoe UI Emoji","Segoe UI Symbol";
  font-weight: 400;
  -webkit-font-smoothing: antialiased;
  margin: 0;
  font-size: 48px;
}

<h1
  className="c0"
  data-test-id="testHeading"
/>
`;
