// Jest Snapshot v1, https://goo.gl/fbAQLP

exports[`Checkbox tests basic tests matches the snapshot 1`] = `
.c0 {
  font-family: Poppins,sans-serif;
  line-height: 1.3;
  display: -webkit-box;
  display: -webkit-flex;
  display: -ms-flexbox;
  display: flex;
  margin-bottom: 20px;
  --checkbox-label-color: #686978;
  --checkbox-label-size: 14px;
  color: var(--checkbox-label-color);
  font-size: var(--checkbox-label-size);
  cursor: pointer;
}

.c1 {
  border-radius: 2px;
  text-align: center;
  display: -webkit-box;
  display: -webkit-flex;
  display: -ms-flexbox;
  display: flex;
  -webkit-align-items: center;
  -webkit-box-align: center;
  -ms-flex-align: center;
  align-items: center;
  -webkit-box-pack: center;
  -webkit-justify-content: center;
  -ms-flex-pack: center;
  justify-content: center;
  padding: 0 2.5px;
  --checkbox-box-size: 18px;
  --checkbox-box-borderColor: #A1A8F2;
  --checkbox-box-color: #696FDC;
  --checkbox-box-spacing: 12px;
  -webkit-flex-basis: var(--checkbox-box-size);
  -ms-flex-preferred-size: var(--checkbox-box-size);
  flex-basis: var(--checkbox-box-size);
  width: var(--checkbox-box-size);
  height: var(--checkbox-box-size);
  color: var(--checkbox-box-color);
  border: 1px solid var(--checkbox-box-borderColor);
  margin-right: var(--checkbox-box-spacing);
}

.c4 {
  border-radius: 2px;
  text-align: center;
  display: -webkit-box;
  display: -webkit-flex;
  display: -ms-flexbox;
  display: flex;
  -webkit-align-items: center;
  -webkit-box-align: center;
  -ms-flex-align: center;
  align-items: center;
  -webkit-box-pack: center;
  -webkit-justify-content: center;
  -ms-flex-pack: center;
  justify-content: center;
  padding: 0 2.5px;
  --checkbox-box-size: 18px;
  --checkbox-box-borderColor: #D1D1DB;
  --checkbox-box-color: #696FDC;
  --checkbox-box-spacing: 12px;
  -webkit-flex-basis: var(--checkbox-box-size);
  -ms-flex-preferred-size: var(--checkbox-box-size);
  flex-basis: var(--checkbox-box-size);
  width: var(--checkbox-box-size);
  height: var(--checkbox-box-size);
  color: var(--checkbox-box-color);
  border: 1px solid var(--checkbox-box-borderColor);
  margin-right: var(--checkbox-box-spacing);
}

.c3 {
  -webkit-flex: 1;
  -ms-flex: 1;
  flex: 1;
  padding-top: 1px;
  -webkit-letter-spacing: 0;
  -moz-letter-spacing: 0;
  -ms-letter-spacing: 0;
  letter-spacing: 0;
}

.c2 {
  width: 100%;
  height: 100%;
  fill: currentColor;
}

<div
  id="checkbox"
>
  <div
    className="c0"
    onClick={[Function]}
    size="small"
    type="light"
  >
    <span
      className="c1"
      disabled={false}
      selected={true}
      size="small"
      type="light"
    >
      <svg
        aria-hidden="true"
        className="c2"
        focusable="false"
        role={undefined}
        viewBox="0 0 32 32"
      >
        <path
          d="M13.06676 25.00001c-.263 0-.517-.104-.704-.29l-8.067-8c-.392-.389-.395-1.022-.005-1.414.387-.392 1.021-.395 1.414-.006l7.309 7.249 13.233-15.196c.361-.416.993-.46 1.41-.097.417.363.46.994.098 1.411l-13.934 16c-.181.208-.441.332-.717.342-.013.001-.025.001-.037.001"
          fillRule="evenodd"
        />
      </svg>
    </span>
    <span
      className="c3"
      disabled={false}
      size="small"
    >
      YouTube
    </span>
  </div>
  <div
    className="c0"
    onClick={[Function]}
    size="small"
    type="light"
  >
    <span
      className="c4"
      disabled={false}
      selected={false}
      size="small"
      type="light"
    />
    <span
      className="c3"
      disabled={false}
      size="small"
    >
      Twitter
    </span>
  </div>
  <div
    className="c0"
    onClick={[Function]}
    size="small"
    type="light"
  >
    <span
      className="c4"
      disabled={false}
      selected={false}
      size="small"
      type="light"
    />
    <span
      className="c3"
      disabled={false}
      size="small"
    >
      Instagram
    </span>
  </div>
</div>
`;
