// Jest Snapshot v1, https://goo.gl/fbAQLP

exports[`contentToggleArrow tests matches the snapshot 1`] = `
<div
  className="sc-bwzfXH iGzieW"
  id="testContentToggleArrow"
  open={undefined}
>
  <div
    className="sc-htpNat fcxVKG"
    id="testContentToggleArrowControl"
    onClick={[Function]}
    open={undefined}
  >
    <div
      className="sc-bxivhb gaJMNv"
    >
      testSummary
    </div>
  </div>
  <div
    className="sc-ifAKCX cAzrgB"
    open={undefined}
  />
</div>
`;
