// Jest Snapshot v1, https://goo.gl/fbAQLP

exports[`contentToggleArrow tests matches the snapshot 1`] = `
<div
  className="sc-bdVaJa iZymIP"
  id="testContentToggleArrow"
  open={undefined}
>
  <div
    className="sc-bwzfXH eQkDVT"
    id="testContentToggleArrowControl"
    onClick={[Function]}
    open={undefined}
  >
    <div
      className="sc-htpNat eFGppm"
    >
      testSummary
    </div>
  </div>
  <div
    className="sc-bxivhb ezXuJR"
    open={undefined}
  />
</div>
`;
